
--- Testing Shape of You ---
Matched 21 / 21 lines.

--- Testing Blinding Lights ---
Matched 15 / 18 lines.
  [UNMATCHED] I'm running out of time
  [UNMATCHED] Oh, the city's cold and empty
  [UNMATCHED] No one's around to judge me

--- Testing Someone Like You ---
Matched 8 / 8 lines.

--- Testing Hotel California ---
Matched 10 / 10 lines.
